------------------------------------------------------------
Timing Analyzer Summary
------------------------------------------------------------

Type  : Slow 1200mV 85C Model Setup 'clk'
Slack : -0.898
TNS   : -7.046

Type  : Slow 1200mV 85C Model Hold 'clk'
Slack : 0.385
TNS   : 0.000

Type  : Slow 1200mV 85C Model Recovery 'clk'
Slack : -0.690
TNS   : -7.167

Type  : Slow 1200mV 85C Model Removal 'clk'
Slack : 0.781
TNS   : 0.000

Type  : Slow 1200mV 85C Model Minimum Pulse Width 'clk'
Slack : -3.000
TNS   : -23.560

Type  : Slow 1200mV 0C Model Setup 'clk'
Slack : -0.719
TNS   : -5.007

Type  : Slow 1200mV 0C Model Hold 'clk'
Slack : 0.338
TNS   : 0.000

Type  : Slow 1200mV 0C Model Recovery 'clk'
Slack : -0.533
TNS   : -5.475

Type  : Slow 1200mV 0C Model Removal 'clk'
Slack : 0.706
TNS   : 0.000

Type  : Slow 1200mV 0C Model Minimum Pulse Width 'clk'
Slack : -3.000
TNS   : -23.560

Type  : Fast 1200mV 0C Model Setup 'clk'
Slack : 0.100
TNS   : 0.000

Type  : Fast 1200mV 0C Model Hold 'clk'
Slack : 0.173
TNS   : 0.000

Type  : Fast 1200mV 0C Model Recovery 'clk'
Slack : 0.146
TNS   : 0.000

Type  : Fast 1200mV 0C Model Removal 'clk'
Slack : 0.360
TNS   : 0.000

Type  : Fast 1200mV 0C Model Minimum Pulse Width 'clk'
Slack : -3.000
TNS   : -20.073

------------------------------------------------------------
