------------------------------------------------------------
Timing Analyzer Summary
------------------------------------------------------------

Type  : Slow 1200mV 85C Model Setup 'send'
Slack : -2.750
TNS   : -4.530

Type  : Slow 1200mV 85C Model Setup 'clk'
Slack : -2.525
TNS   : -5.016

Type  : Slow 1200mV 85C Model Hold 'clk'
Slack : 0.356
TNS   : 0.000

Type  : Slow 1200mV 85C Model Hold 'send'
Slack : 0.790
TNS   : 0.000

Type  : Slow 1200mV 85C Model Minimum Pulse Width 'clk'
Slack : -3.000
TNS   : -17.000

Type  : Slow 1200mV 85C Model Minimum Pulse Width 'send'
Slack : -3.000
TNS   : -3.000

Type  : Slow 1200mV 0C Model Setup 'send'
Slack : -2.552
TNS   : -4.212

Type  : Slow 1200mV 0C Model Setup 'clk'
Slack : -2.159
TNS   : -3.885

Type  : Slow 1200mV 0C Model Hold 'clk'
Slack : 0.310
TNS   : 0.000

Type  : Slow 1200mV 0C Model Hold 'send'
Slack : 0.799
TNS   : 0.000

Type  : Slow 1200mV 0C Model Minimum Pulse Width 'clk'
Slack : -3.000
TNS   : -17.000

Type  : Slow 1200mV 0C Model Minimum Pulse Width 'send'
Slack : -3.000
TNS   : -3.000

Type  : Fast 1200mV 0C Model Setup 'clk'
Slack : -1.575
TNS   : -2.847

Type  : Fast 1200mV 0C Model Setup 'send'
Slack : -1.113
TNS   : -1.640

Type  : Fast 1200mV 0C Model Hold 'clk'
Slack : 0.186
TNS   : 0.000

Type  : Fast 1200mV 0C Model Hold 'send'
Slack : 0.227
TNS   : 0.000

Type  : Fast 1200mV 0C Model Minimum Pulse Width 'clk'
Slack : -3.000
TNS   : -17.859

Type  : Fast 1200mV 0C Model Minimum Pulse Width 'send'
Slack : -3.000
TNS   : -3.166

------------------------------------------------------------
