------------------------------------------------------------
Timing Analyzer Summary
------------------------------------------------------------

Type  : Slow 1200mV 85C Model Setup 'send'
Slack : -2.040
TNS   : -3.481

Type  : Slow 1200mV 85C Model Setup 'clk'
Slack : -1.408
TNS   : -2.713

Type  : Slow 1200mV 85C Model Hold 'clk'
Slack : 0.356
TNS   : 0.000

Type  : Slow 1200mV 85C Model Hold 'send'
Slack : 0.626
TNS   : 0.000

Type  : Slow 1200mV 85C Model Minimum Pulse Width 'clk'
Slack : -3.000
TNS   : -17.000

Type  : Slow 1200mV 85C Model Minimum Pulse Width 'send'
Slack : -3.000
TNS   : -3.000

Type  : Slow 1200mV 0C Model Setup 'send'
Slack : -1.819
TNS   : -3.099

Type  : Slow 1200mV 0C Model Setup 'clk'
Slack : -1.168
TNS   : -1.904

Type  : Slow 1200mV 0C Model Hold 'clk'
Slack : 0.310
TNS   : 0.000

Type  : Slow 1200mV 0C Model Hold 'send'
Slack : 0.653
TNS   : 0.000

Type  : Slow 1200mV 0C Model Minimum Pulse Width 'clk'
Slack : -3.000
TNS   : -17.000

Type  : Slow 1200mV 0C Model Minimum Pulse Width 'send'
Slack : -3.000
TNS   : -3.000

Type  : Fast 1200mV 0C Model Setup 'clk'
Slack : -0.921
TNS   : -1.561

Type  : Fast 1200mV 0C Model Setup 'send'
Slack : -0.642
TNS   : -0.960

Type  : Fast 1200mV 0C Model Hold 'clk'
Slack : 0.186
TNS   : 0.000

Type  : Fast 1200mV 0C Model Hold 'send'
Slack : 0.198
TNS   : 0.000

Type  : Fast 1200mV 0C Model Minimum Pulse Width 'clk'
Slack : -3.000
TNS   : -17.863

Type  : Fast 1200mV 0C Model Minimum Pulse Width 'send'
Slack : -3.000
TNS   : -3.000

------------------------------------------------------------
