------------------------------------------------------------
Timing Analyzer Summary
------------------------------------------------------------

Type  : Slow 1200mV 85C Model Setup 'select_vel[0]'
Slack : -6.975
TNS   : -54.113

Type  : Slow 1200mV 85C Model Setup 'msj_y_mem:d1|mea_mem:d1|stac.asign'
Slack : -2.926
TNS   : -21.871

Type  : Slow 1200mV 85C Model Setup 'clk'
Slack : -2.323
TNS   : -79.066

Type  : Slow 1200mV 85C Model Hold 'clk'
Slack : 0.390
TNS   : 0.000

Type  : Slow 1200mV 85C Model Hold 'select_vel[0]'
Slack : 0.396
TNS   : 0.000

Type  : Slow 1200mV 85C Model Hold 'msj_y_mem:d1|mea_mem:d1|stac.asign'
Slack : 1.331
TNS   : 0.000

Type  : Slow 1200mV 85C Model Minimum Pulse Width 'clk'
Slack : -3.000
TNS   : -63.395

Type  : Slow 1200mV 85C Model Minimum Pulse Width 'select_vel[0]'
Slack : -3.000
TNS   : -31.393

Type  : Slow 1200mV 85C Model Minimum Pulse Width 'msj_y_mem:d1|mea_mem:d1|stac.asign'
Slack : 0.476
TNS   : 0.000

Type  : Slow 1200mV 0C Model Setup 'select_vel[0]'
Slack : -6.579
TNS   : -47.664

Type  : Slow 1200mV 0C Model Setup 'msj_y_mem:d1|mea_mem:d1|stac.asign'
Slack : -2.740
TNS   : -20.675

Type  : Slow 1200mV 0C Model Setup 'clk'
Slack : -2.053
TNS   : -68.018

Type  : Slow 1200mV 0C Model Hold 'select_vel[0]'
Slack : 0.221
TNS   : 0.000

Type  : Slow 1200mV 0C Model Hold 'clk'
Slack : 0.305
TNS   : 0.000

Type  : Slow 1200mV 0C Model Hold 'msj_y_mem:d1|mea_mem:d1|stac.asign'
Slack : 1.225
TNS   : 0.000

Type  : Slow 1200mV 0C Model Minimum Pulse Width 'clk'
Slack : -3.000
TNS   : -63.395

Type  : Slow 1200mV 0C Model Minimum Pulse Width 'select_vel[0]'
Slack : -3.000
TNS   : -31.349

Type  : Slow 1200mV 0C Model Minimum Pulse Width 'msj_y_mem:d1|mea_mem:d1|stac.asign'
Slack : 0.403
TNS   : 0.000

Type  : Fast 1200mV 0C Model Setup 'select_vel[0]'
Slack : -3.444
TNS   : -17.332

Type  : Fast 1200mV 0C Model Setup 'msj_y_mem:d1|mea_mem:d1|stac.asign'
Slack : -0.871
TNS   : -6.340

Type  : Fast 1200mV 0C Model Setup 'clk'
Slack : -0.562
TNS   : -12.487

Type  : Fast 1200mV 0C Model Hold 'clk'
Slack : 0.119
TNS   : 0.000

Type  : Fast 1200mV 0C Model Hold 'select_vel[0]'
Slack : 0.182
TNS   : 0.000

Type  : Fast 1200mV 0C Model Hold 'msj_y_mem:d1|mea_mem:d1|stac.asign'
Slack : 0.600
TNS   : 0.000

Type  : Fast 1200mV 0C Model Minimum Pulse Width 'clk'
Slack : -3.000
TNS   : -53.155

Type  : Fast 1200mV 0C Model Minimum Pulse Width 'select_vel[0]'
Slack : -3.000
TNS   : -32.480

Type  : Fast 1200mV 0C Model Minimum Pulse Width 'msj_y_mem:d1|mea_mem:d1|stac.asign'
Slack : 0.338
TNS   : 0.000

------------------------------------------------------------
