------------------------------------------------------------
Timing Analyzer Summary
------------------------------------------------------------

Type  : Slow 1200mV 85C Model Setup 'select_vel[0]'
Slack : -4.249
TNS   : -40.522

Type  : Slow 1200mV 85C Model Setup 'msj_y_salida_apart:d2|msj_y_mem:d1|mea_mem:d1|stac.asign'
Slack : -2.421
TNS   : -16.970

Type  : Slow 1200mV 85C Model Setup 'clk_50Mhz'
Slack : -1.885
TNS   : -67.523

Type  : Slow 1200mV 85C Model Hold 'select_vel[0]'
Slack : -0.086
TNS   : -0.086

Type  : Slow 1200mV 85C Model Hold 'clk_50Mhz'
Slack : 0.362
TNS   : 0.000

Type  : Slow 1200mV 85C Model Hold 'msj_y_salida_apart:d2|msj_y_mem:d1|mea_mem:d1|stac.asign'
Slack : 1.209
TNS   : 0.000

Type  : Slow 1200mV 85C Model Minimum Pulse Width 'clk_50Mhz'
Slack : -3.000
TNS   : -50.000

Type  : Slow 1200mV 85C Model Minimum Pulse Width 'select_vel[0]'
Slack : -3.000
TNS   : -25.193

Type  : Slow 1200mV 85C Model Minimum Pulse Width 'msj_y_salida_apart:d2|msj_y_mem:d1|mea_mem:d1|stac.asign'
Slack : 0.397
TNS   : 0.000

Type  : Slow 1200mV 0C Model Setup 'select_vel[0]'
Slack : -3.681
TNS   : -34.586

Type  : Slow 1200mV 0C Model Setup 'msj_y_salida_apart:d2|msj_y_mem:d1|mea_mem:d1|stac.asign'
Slack : -2.067
TNS   : -14.514

Type  : Slow 1200mV 0C Model Setup 'clk_50Mhz'
Slack : -1.607
TNS   : -56.155

Type  : Slow 1200mV 0C Model Hold 'select_vel[0]'
Slack : -0.093
TNS   : -0.093

Type  : Slow 1200mV 0C Model Hold 'clk_50Mhz'
Slack : 0.321
TNS   : 0.000

Type  : Slow 1200mV 0C Model Hold 'msj_y_salida_apart:d2|msj_y_mem:d1|mea_mem:d1|stac.asign'
Slack : 1.094
TNS   : 0.000

Type  : Slow 1200mV 0C Model Minimum Pulse Width 'clk_50Mhz'
Slack : -3.000
TNS   : -50.000

Type  : Slow 1200mV 0C Model Minimum Pulse Width 'select_vel[0]'
Slack : -3.000
TNS   : -25.174

Type  : Slow 1200mV 0C Model Minimum Pulse Width 'msj_y_salida_apart:d2|msj_y_mem:d1|mea_mem:d1|stac.asign'
Slack : 0.457
TNS   : 0.000

Type  : Fast 1200mV 0C Model Setup 'select_vel[0]'
Slack : -1.975
TNS   : -14.044

Type  : Fast 1200mV 0C Model Setup 'msj_y_salida_apart:d2|msj_y_mem:d1|mea_mem:d1|stac.asign'
Slack : -0.963
TNS   : -6.052

Type  : Fast 1200mV 0C Model Setup 'clk_50Mhz'
Slack : -0.565
TNS   : -15.378

Type  : Fast 1200mV 0C Model Hold 'select_vel[0]'
Slack : 0.186
TNS   : 0.000

Type  : Fast 1200mV 0C Model Hold 'clk_50Mhz'
Slack : 0.189
TNS   : 0.000

Type  : Fast 1200mV 0C Model Hold 'msj_y_salida_apart:d2|msj_y_mem:d1|mea_mem:d1|stac.asign'
Slack : 0.648
TNS   : 0.000

Type  : Fast 1200mV 0C Model Minimum Pulse Width 'clk_50Mhz'
Slack : -3.000
TNS   : -53.515

Type  : Fast 1200mV 0C Model Minimum Pulse Width 'select_vel[0]'
Slack : -3.000
TNS   : -27.686

Type  : Fast 1200mV 0C Model Minimum Pulse Width 'msj_y_salida_apart:d2|msj_y_mem:d1|mea_mem:d1|stac.asign'
Slack : 0.330
TNS   : 0.000

------------------------------------------------------------
